OCTAL1: 
OCTAL2: 
OCTAL3: 
OCTAL4: 4
OCTAL8: 8
BEL: 
CR: 
FF: 
TAB: 	
VTAB: 
BS: 
BACKSLASH: \
UNKNOWN: \z
